node.exe : [baseline-browser-mapping] The data in 
this module is over two months old.  To ensure 
accurate Baseline data, please update: `npm i 
baseline-browser-mapping@latest -D`
At C:\Program Files\nodejs\npx.ps1:29 char:3
+   & $NODE_EXE $NPX_CLI_JS $args
+   ~~~~~~~~~~~~~~~~~~~~~~~~~~~~~
    + CategoryInfo          : NotSpecified: ([baselin 
   e-brows...ping@latest -D`:String) [], RemoteExcep  
  tion
    + FullyQualifiedErrorId : NativeCommandError
 
 Γ¿» Failed to load next.config.ts, see more info 
here 
https://nextjs.org/docs/messages/next-config-error

> Build error occurred
Error: 
[next-intl] Could not locate request configuration 
module.

This path is supported by default: 
./(src/)i18n/request.{js,jsx,ts,tsx}

Alternatively, you can specify a custom location in 
your Next.js config:

const withNextIntl = createNextIntlPlugin(
  './path/to/i18n/request.tsx'
);

    at Object.<anonymous> (C:\Users\Douglas\.gemini\an
tigravity\scratch\mirage-tech\next.config.compiled.js:
28:18)
